// Jest Snapshot v1, https://goo.gl/fbAQLP

exports[`SpotifyLogin matches snapshot 1`] = `
<a
  className="lib-spotifyLogin-module-spotifyLoginButton-2601"
  href="https://accounts.spotify.com/authorize?client_id=4cb458aef9d344d2a58c62e7da3d0da5&response_type=code&redirect_uri=https://backgroundsmb.com/&scope=streaming%20user-read-email%20user-read-private%20user-library-read%20user-library-modify%20user-read-playback-state%20user-modify-playback-state"
>
  Spotify Login
</a>
`;
