// Jest Snapshot v1, https://goo.gl/fbAQLP

exports[`MusicPlayer matches snapshot 1`] = `null`;
