// Jest Snapshot v1, https://goo.gl/fbAQLP

exports[`LoginModal matches snapshot 1`] = `null`;
